Microchip MPLAB XC8 Compiler V2.40

Linker command line:

-W-3 \
  --edf=C:\Program Files\Microchip\xc8\v2.40\pic\dat\20220703182018_en.msgs \
  -cn -h+dist/default/production\I2C_RTC_READ_DATA.production.sym \
  --cmf=dist/default/production\I2C_RTC_READ_DATA.production.cmf -z \
  -Q16F887 -oC:\Users\ALEJAN~1\AppData\Local\Temp\xcAs1us.4 \
  --defsym=__MPLAB_BUILD=1 --fixupoverflow=error \
  -Mdist/default/production/I2C_RTC_READ_DATA.production.map \
  --md=C:\Users\ALEJAN~1\AppData\Local\Temp\xcAs1us.dat -E1 \
  -ver=XC8 Compiler --acfsm=1493 -ACODE=00h-07FFhx4 -ASTRCODE=00h-01FFFh \
  -ASTRING=00h-0FFhx32 -ACONST=00h-0FFhx32 -AENTRY=00h-0FFhx32 \
  -ACOMMON=070h-07Fh -ABANK0=020h-06Fh -ABANK1=0A0h-0EFh \
  -ABANK2=0110h-016Fh -ABANK3=0190h-01EFh \
  -ARAM=020h-06Fh,0A0h-0EFh,0110h-016Fh,0190h-01EFh \
  -AABS1=020h-07Fh,0A0h-0EFh,0110h-016Fh,0190h-01EFh -ASFR0=00h-01Fh \
  -ASFR1=080h-09Fh -ASFR2=0100h-010Fh -ASFR3=0180h-018Fh \
  -ACONFIG=02007h-02008h -DCONFIG=2 -AIDLOC=02000h-02003h -DIDLOC=2 \
  -AEEDATA=00h-0FFh/02100h -peeprom_data=EEDATA -DEEDATA=2 -DCODE=2 \
  -DSTRCODE=2 -DSTRING=2 -DCONST=2 -DENTRY=2 \
  -preset_vec=00h,intentry=04h,init,end_init -ppowerup=CODE -pcinit=CODE \
  -pfunctab=ENTRY -k C:\Users\ALEJAN~1\AppData\Local\Temp\xcAs1us.o \
  dist/default/production\I2C_RTC_READ_DATA.production.o 

Object code version is 3.11

Machine type is 16F887



                Name                               Link     Load   Length Selector   Space Scale
C:\Users\ALEJAN~1\AppData\Local\Temp\xcAs1us.o
                end_init                              C        C        3        8       0
                reset_vec                             0        0        3        0       0
                config                             2007     2007        2        0       4
                idloc                              2000     2000        4        0       5
dist/default/production\I2C_RTC_READ_DATA.production.o
                cinit                                 F        F        E        8       0
                intentry                              4        4        8        8       0
                config                             2007     2007        2        0       4
                idloc                              2000     2000        4        0       5
                text27                              CF0      CF0       1E     19E0       0
                text26                              C7F      C7F        E     18FE       0
                text25                              CBF      CBF       15     197E       0
                text24                              CD4      CD4       1C     19A8       0
                text23                              762      762       69        8       0
                text22                              F43      F43       5B     1E86       0
                text21                              D5A      D5A       37     1AB4       0
                text20                              EA3      EA3       4E     1D46       0
                text19                              F9E      F9E       62     1F3C       0
                text18                              C65      C65        D     18CA       0
                text17                              7CB      7CB       30        8       0
                text16                              C41      C41        C     1882       0
                text15                              C4D      C4D        C     189A       0
                text14                              C59      C59        C     18B2       0
                text13                              C36      C36        B     186C       0
                text12                              D2C      D2C       2E     1A58       0
                text11                              C8D      C8D        E     191A       0
                text10                              CAB      CAB       14     1956       0
                text9                               C72      C72        D     18E4       0
                text8                               E59      E59       4A     1CB2       0
                text7                               D0E      D0E       1E     1A1C       0
                text6                               C9B      C9B       10     1936       0
                text5                               DCD      DCD       46     1B9A       0
                text4                               EF1      EF1       52     1DE2       0
                text3                               E13      E13       46     1C26       0
                text2                               D91      D91       3C     1B22       0
                text1                               686      686       DC        8       0
                maintext                             1D       1D      669        8       0
                cstackBANK0                          54       54       18       20       1
                cstackCOMMON                         70       70        9       70       1
                clrtext                             C2E      C2E        8     185C       0
                bssBANK0                             20       20       34       20       1
                bssCOMMON                            79       79        1       70       1
                strings                             800      800       2B     1000       0

TOTAL           Name                               Link     Load   Length     Space
        CLASS   CODE           
                end_init                              C        C        3         0
                cinit                                 F        F        E         0
                intentry                              4        4        8         0
                reset_vec                             0        0        3         0
                text27                              CF0      CF0       1E         0
                text26                              C7F      C7F        E         0
                text25                              CBF      CBF       15         0
                text24                              CD4      CD4       1C         0
                text23                              762      762       69         0
                text22                              F43      F43       5B         0
                text21                              D5A      D5A       37         0
                text20                              EA3      EA3       4E         0
                text19                              F9E      F9E       62         0
                text18                              C65      C65        D         0
                text17                              7CB      7CB       30         0
                text16                              C41      C41        C         0
                text15                              C4D      C4D        C         0
                text14                              C59      C59        C         0
                text13                              C36      C36        B         0
                text12                              D2C      D2C       2E         0
                text11                              C8D      C8D        E         0
                text10                              CAB      CAB       14         0
                text9                               C72      C72        D         0
                text8                               E59      E59       4A         0
                text7                               D0E      D0E       1E         0
                text6                               C9B      C9B       10         0
                text5                               DCD      DCD       46         0
                text4                               EF1      EF1       52         0
                text3                               E13      E13       46         0
                text2                               D91      D91       3C         0
                text1                               686      686       DC         0
                maintext                             1D       1D      669         0
                clrtext                             C2E      C2E        8         0

        CLASS   STRCODE        

        CLASS   STRING         
                strings                             800      800       2B         0

        CLASS   CONST          

        CLASS   ENTRY          

        CLASS   COMMON         
                cstackCOMMON                         70       70        9         1
                bssCOMMON                            79       79        1         1

        CLASS   BANK0          
                cstackBANK0                          54       54       18         1
                bssBANK0                             20       20       34         1

        CLASS   BANK1          

        CLASS   BANK2          

        CLASS   BANK3          

        CLASS   RAM            

        CLASS   ABS1           
                abs_s1                               7E       7E        2         1

        CLASS   SFR0           

        CLASS   SFR1           

        CLASS   SFR2           

        CLASS   SFR3           

        CLASS   CONFIG         
                config                             2007     2007        2         4

        CLASS   IDLOC          
                idloc                              2000     2000        4         5

        CLASS   EEDATA         

        CLASS   STACK          



SEGMENTS        Name                           Load    Length   Top    Selector   Space  Class     Delta

                reset_vec                      000000  000003  000003         0       0  CODE        2
                intentry                       000004  0007F7  0007FB         8       0  CODE        2
                bssBANK0                       000020  00004C  00006C        20       1  BANK0       1
                cstackCOMMON                   000070  00000A  00007A        70       1  COMMON      1
                strings                        000800  00002B  00082B      1000       0  STRING      2
                clrtext                        000C2E  000008  000C36      185C       0  CODE        2
                text13                         000C36  00000B  000C41      186C       0  CODE        2
                text16                         000C41  00000C  000C4D      1882       0  CODE        2
                text15                         000C4D  00000C  000C59      189A       0  CODE        2
                text14                         000C59  00000C  000C65      18B2       0  CODE        2
                text18                         000C65  00000D  000C72      18CA       0  CODE        2
                text9                          000C72  00000D  000C7F      18E4       0  CODE        2
                text26                         000C7F  00000E  000C8D      18FE       0  CODE        2
                text11                         000C8D  00000E  000C9B      191A       0  CODE        2
                text6                          000C9B  000010  000CAB      1936       0  CODE        2
                text10                         000CAB  000014  000CBF      1956       0  CODE        2
                text25                         000CBF  000015  000CD4      197E       0  CODE        2
                text24                         000CD4  00001C  000CF0      19A8       0  CODE        2
                text27                         000CF0  00001E  000D0E      19E0       0  CODE        2
                text7                          000D0E  00001E  000D2C      1A1C       0  CODE        2
                text12                         000D2C  00002E  000D5A      1A58       0  CODE        2
                text21                         000D5A  000037  000D91      1AB4       0  CODE        2
                text2                          000D91  00003C  000DCD      1B22       0  CODE        2
                text5                          000DCD  000046  000E13      1B9A       0  CODE        2
                text3                          000E13  000046  000E59      1C26       0  CODE        2
                text8                          000E59  00004A  000EA3      1CB2       0  CODE        2
                text20                         000EA3  00004E  000EF1      1D46       0  CODE        2
                text4                          000EF1  000052  000F43      1DE2       0  CODE        2
                text22                         000F43  00005B  000F9E      1E86       0  CODE        2
                text19                         000F9E  000062  001000      1F3C       0  CODE        2


UNUSED ADDRESS RANGES

        Name                Unused          Largest block    Delta
        BANK0            006C-006F              4           1
        BANK1            00A0-00EF             50           1
        BANK2            0110-016F             60           1
        BANK3            0190-01EF             60           1
        CODE             0003-0003              1           2
                         07FB-07FF              5
                         082B-0C2D            403
                         1000-1FFF            800
        COMMON           007A-007D              4           1
        CONST            0003-0003              1           2
                         07FB-07FF              5
                         082B-0C2D            100
                         1000-1FFF            100
        EEDATA           2100-21FF            100           2
        ENTRY            0003-0003              1           2
                         07FB-07FF              5
                         082B-0C2D            100
                         1000-1FFF            100
        RAM              006C-006F              4           1
                         00A0-00EF             50
                         0110-016F             60
                         0190-01EF             60
        SFR0             0000-001F             20           1
        SFR1             0080-009F             20           1
        SFR2             0100-010F             10           1
        SFR3             0180-018F             10           1
        STRCODE          0003-0003              1           2
                         07FB-07FF              5
                         082B-0C2D            403
                         1000-1FFF           1000
        STRING           0003-0003              1           2
                         07FB-07FF              5
                         082B-0C2D            100
                         1000-1FFF            100

                                  Symbol Table

?_I2C_Master_Read                 cstackCOMMON 0074
?___awdiv                         cstackBANK0  0056
?___awmod                         cstackCOMMON 0074
?___lwdiv                         cstackCOMMON 0074
?___lwmod                         cstackBANK0  0057
?_sprintf                         cstackBANK0  005D
ADC_CONF@frec                     cstackCOMMON 0074
Bcd_to_Dec@bcd                    cstackBANK0  0057
Bcd_to_Dec@dec                    cstackBANK0  0056
Dec_to_Bcd@dec                    cstackBANK0  0066
Division3@y                       cstackBANK0  0063
Division@y                        cstackBANK0  0063
I2C_Master_Init@c                 cstackCOMMON 0074
I2C_Master_Read@a                 cstackCOMMON 0074
I2C_Master_Read@temp              cstackBANK0  0054
I2C_Master_Write@d                cstackBANK0  0067
Lcd_Cmd@a                         cstackCOMMON 0076
Lcd_Set@a                         cstackCOMMON 0078
Lcd_Set@b                         cstackCOMMON 0077
Lcd_Write@a                       cstackCOMMON 0075
Lcd_Write_Str@a                   cstackCOMMON 0076
Lcd_Write_Str@i                   cstackBANK0  0057
_ADCON0bits                       (abs)        001F
_ADCON1bits                       (abs)        009F
_ADC_CONF                         text12       0D2C
_ADC_IF                           text26       0C7F
_ADRESH                           (abs)        001E
_ANSEL                            (abs)        0188
_ANSELH                           (abs)        0189
_Bcd_to_Dec                       text24       0CD4
_DAY                              bssBANK0     0026
_Dec_to_Bcd                       text21       0D5A
_Division                         text20       0EA3
_Division$1198                    cstackBANK0  0061
_Division3                        text19       0F9E
_Division3$1199                   cstackBANK0  0061
_GIE                              (abs)        005F
_HOR                              bssBANK0     0028
_I2C_Master_Init                  text11       0C8D
_I2C_Master_Read                  text17       07CB
_I2C_Master_RepeatedStart         text16       0C41
_I2C_Master_Start                 text15       0C4D
_I2C_Master_Stop                  text14       0C59
_I2C_Master_Wait                  text18       0C65
_I2C_Master_Write                 text13       0C36
_INTCONbits                       (abs)        000B
_Lcd_Clear                        text9        0C72
_Lcd_Cmd                          text10       0CAB
_Lcd_Init                         text8        0E59
_Lcd_Set                          text7        0D0E
_Lcd_Write                        text6        0C9B
_Lcd_Write_Str                    text5        0DCD
_MIN                              bssBANK0     002A
_MOTH                             bssBANK0     0024
_OSCCONbits                       (abs)        008F
_PEIE                             (abs)        005E
_PIE1bits                         (abs)        008C
_PIR1bits                         (abs)        000C
_PORTCbits                        (abs)        0007
_PORTD                            (abs)        0008
_RC6                              (abs)        003E
_RC7                              (abs)        003F
_SEG                              bssBANK0     002C
_SSPADD                           (abs)        0093
_SSPBUF                           (abs)        0013
_SSPCON                           (abs)        0014
_SSPCON2                          (abs)        0091
_SSPCON2bits                      (abs)        0091
_SSPIE                            (abs)        0463
_SSPIF                            (abs)        0063
_SSPSTAT                          (abs)        0094
_TRISB                            (abs)        0086
_TRISC2                           (abs)        043A
_TRISC3                           (abs)        043B
_TRISC4                           (abs)        043C
_TRISCbits                        (abs)        0087
_TRISD                            (abs)        0088
_YEAR                             bssBANK0     0022
__Habs1                           abs1         0000
__Hbank0                          bank0        0000
__Hbank1                          bank1        0000
__Hbank2                          bank2        0000
__Hbank3                          bank3        0000
__HbssBANK0                       bssBANK0     0000
__HbssCOMMON                      bssCOMMON    0000
__Hcinit                          cinit        001D
__Hclrtext                        clrtext      0000
__Hcode                           code         0000
__Hcommon                         common       0000
__Hconfig                         config       2009
__HcstackBANK0                    cstackBANK0  0000
__HcstackCOMMON                   cstackCOMMON 0000
__Heeprom_data                    eeprom_data  0000
__Hend_init                       end_init     000F
__Hfunctab                        functab      0000
__Hidloc                          idloc        2004
__Hinit                           init         000C
__Hintentry                       intentry     000C
__Hmaintext                       maintext     0000
__Hpowerup                        powerup      0000
__Hram                            ram          0000
__Hreset_vec                      reset_vec    0003
__Hsfr0                           sfr0         0000
__Hsfr1                           sfr1         0000
__Hsfr2                           sfr2         0000
__Hsfr3                           sfr3         0000
__Hspace_0                        (abs)        1000
__Hspace_1                        (abs)        007A
__Hspace_2                        (abs)        0000
__Hspace_3                        (abs)        0000
__Hspace_4                        (abs)        4010
__Hstack                          stack        0000
__Hstrings                        strings      0000
__Htext                           text         0000
__Labs1                           abs1         0000
__Lbank0                          bank0        0000
__Lbank1                          bank1        0000
__Lbank2                          bank2        0000
__Lbank3                          bank3        0000
__LbssBANK0                       bssBANK0     0000
__LbssCOMMON                      bssCOMMON    0000
__Lcinit                          cinit        000F
__Lclrtext                        clrtext      0000
__Lcode                           code         0000
__Lcommon                         common       0000
__Lconfig                         config       0000
__LcstackBANK0                    cstackBANK0  0000
__LcstackCOMMON                   cstackCOMMON 0000
__Leeprom_data                    eeprom_data  0000
__Lend_init                       end_init     000C
__Lfunctab                        functab      0000
__Lidloc                          idloc        0000
__Linit                           init         000C
__Lintentry                       intentry     0004
__Lmaintext                       maintext     0000
__Lpowerup                        powerup      0000
__Lram                            ram          0000
__Lreset_vec                      reset_vec    0000
__Lsfr0                           sfr0         0000
__Lsfr1                           sfr1         0000
__Lsfr2                           sfr2         0000
__Lsfr3                           sfr3         0000
__Lspace_0                        (abs)        0000
__Lspace_1                        (abs)        0000
__Lspace_2                        (abs)        0000
__Lspace_3                        (abs)        0000
__Lspace_4                        (abs)        0000
__Lstack                          stack        0000
__Lstrings                        strings      0000
__Ltext                           text         0000
__S0                              (abs)        1000
__S1                              (abs)        007A
__S3                              (abs)        0000
___awdiv                          text23       0762
___awdiv@counter                  cstackBANK0  005B
___awdiv@dividend                 cstackBANK0  0058
___awdiv@divisor                  cstackBANK0  0056
___awdiv@quotient                 cstackBANK0  005D
___awdiv@sign                     cstackBANK0  005C
___awmod                          text22       0F43
___awmod@counter                  cstackBANK0  0054
___awmod@dividend                 cstackCOMMON 0076
___awmod@divisor                  cstackCOMMON 0074
___awmod@sign                     cstackBANK0  0055
___bmul                           text25       0CBF
___bmul@multiplicand              cstackCOMMON 0074
___bmul@multiplier                cstackCOMMON 0077
___bmul@product                   cstackCOMMON 0076
___int_sp                         stack        0000
___latbits                        (abs)        0002
___lwdiv                          text3        0E13
___lwdiv@counter                  cstackBANK0  0056
___lwdiv@dividend                 cstackCOMMON 0076
___lwdiv@divisor                  cstackCOMMON 0074
___lwdiv@quotient                 cstackBANK0  0054
___lwmod                          text2        0D91
___lwmod@counter                  cstackBANK0  005C
___lwmod@dividend                 cstackBANK0  0059
___lwmod@divisor                  cstackBANK0  0057
___sp                             stack        0000
___stackhi                        (abs)        0000
___stacklo                        (abs)        0000
__end_of_ADC_CONF                 text12       0D5A
__end_of_ADC_IF                   text26       0C8D
__end_of_Bcd_to_Dec               text24       0CF0
__end_of_Dec_to_Bcd               text21       0D91
__end_of_Division                 text20       0EF1
__end_of_Division3                text19       1000
__end_of_I2C_Master_Init          text11       0C9B
__end_of_I2C_Master_Read          text17       07FB
__end_of_I2C_Master_RepeatedStart text16       0C4D
__end_of_I2C_Master_Start         text15       0C59
__end_of_I2C_Master_Stop          text14       0C65
__end_of_I2C_Master_Wait          text18       0C72
__end_of_I2C_Master_Write         text13       0C41
__end_of_Lcd_Clear                text9        0C7F
__end_of_Lcd_Cmd                  text10       0CBF
__end_of_Lcd_Init                 text8        0EA3
__end_of_Lcd_Set                  text7        0D2C
__end_of_Lcd_Write                text6        0CAB
__end_of_Lcd_Write_Str            text5        0E13
__end_of___awdiv                  text23       07CB
__end_of___awmod                  text22       0F9E
__end_of___bmul                   text25       0CD4
__end_of___lwdiv                  text3        0E59
__end_of___lwmod                  text2        0DCD
__end_of__initialization          cinit        0019
__end_of__stringtab               strings      0810
__end_of_dpowers                  strings      081A
__end_of_isr                      text27       0D0E
__end_of_main                     maintext     0686
__end_of_setup                    text4        0F43
__end_of_sprintf                  text1        0762
__initialization                  cinit        000F
__pbssBANK0                       bssBANK0     0020
__pbssCOMMON                      bssCOMMON    0079
__pcstackBANK0                    cstackBANK0  0054
__pcstackCOMMON                   cstackCOMMON 0070
__pintentry                       intentry     0004
__pmaintext                       maintext     001D
__pstrings                        strings      0800
__ptext1                          text1        0686
__ptext10                         text10       0CAB
__ptext11                         text11       0C8D
__ptext12                         text12       0D2C
__ptext13                         text13       0C36
__ptext14                         text14       0C59
__ptext15                         text15       0C4D
__ptext16                         text16       0C41
__ptext17                         text17       07CB
__ptext18                         text18       0C65
__ptext19                         text19       0F9E
__ptext2                          text2        0D91
__ptext20                         text20       0EA3
__ptext21                         text21       0D5A
__ptext22                         text22       0F43
__ptext23                         text23       0762
__ptext24                         text24       0CD4
__ptext25                         text25       0CBF
__ptext26                         text26       0C7F
__ptext27                         text27       0CF0
__ptext3                          text3        0E13
__ptext4                          text4        0EF1
__ptext5                          text5        0DCD
__ptext6                          text6        0C9B
__ptext7                          text7        0D0E
__ptext8                          text8        0E59
__ptext9                          text9        0C72
__stringbase                      strings      080F
__stringtab                       strings      0800
_adc_val                          bssBANK0     0020
_buffer_ADC                       bssBANK0     004A
_buffer_DAY                       bssBANK0     003B
_buffer_HOR                       bssBANK0     0040
_buffer_MIN                       bssBANK0     0045
_buffer_MOTH                      bssBANK0     0036
_buffer_SEG                       bssBANK0     004F
_buffer_YEAR                      bssBANK0     0031
_cen                              bssBANK0     002E
_dec                              bssBANK0     002F
_dpowers                          strings      0810
_isr                              text27       0CF0
_main                             maintext     001D
_setup                            text4        0EF1
_sprintf                          text1        0686
_uni                              bssBANK0     0030
btemp                             (abs)        007E
clear_ram0                        clrtext      0C2E
end_of_initialization             cinit        0019
interrupt_function                intentry     0004
intlevel0                         functab      0000
intlevel1                         functab      0000
intlevel2                         functab      0000
intlevel3                         functab      0000
intlevel4                         functab      0000
intlevel5                         functab      0000
reset_vec                         reset_vec    0000
saved_w                           (abs)        007E
sprintf@ap                        cstackBANK0  0063
sprintf@c                         cstackBANK0  0068
sprintf@f                         cstackBANK0  005D
sprintf@flag                      cstackBANK0  0064
sprintf@prec                      cstackBANK0  0065
sprintf@sp                        cstackBANK0  0069
sprintf@val                       cstackBANK0  0066
start                             init         000C
start_initialization              cinit        000F
wtemp0                            (abs)        007E


MODULE INFORMATION

Module		Function		Class		Link	Load	Size
C:\Program Files\Microchip\xc8\v2.40\pic\sources\c90\common\Umul8.c
		___bmul        		CODE           	0CBF	0000	21

C:\Program Files\Microchip\xc8\v2.40\pic\sources\c90\common\Umul8.c estimated size: 21

C:\Program Files\Microchip\xc8\v2.40\pic\sources\c90\common\awdiv.c
		___awdiv       		CODE           	0762	0000	105

C:\Program Files\Microchip\xc8\v2.40\pic\sources\c90\common\awdiv.c estimated size: 105

C:/Users/Alejandro Gonzalez/OneDrive - Universidad del Valle de Guatemala/Entregables/Digital 2/ARCHIVOS_LAB4/POST_LAB/I2C_RTC_READ_DATA/ADC.c
		_ADC_CONF      		CODE           	0D2C	0000	46
		_ADC_IF        		CODE           	0C7F	0000	14

C:/Users/Alejandro Gonzalez/OneDrive - Universidad del Valle de Guatemala/Entregables/Digital 2/ARCHIVOS_LAB4/POST_LAB/I2C_RTC_READ_DATA/ADC.c estimated size: 60

I2C.c
		_I2C_Master_Read		CODE           	07CB	0000	48
		_I2C_Master_Wait		CODE           	0C65	0000	13
		_I2C_Master_Init		CODE           	0C8D	0000	14
		_I2C_Master_Stop		CODE           	0C59	0000	12
		_I2C_Master_RepeatedStart		CODE           	0C41	0000	12
		_I2C_Master_Write		CODE           	0C36	0000	11
		_I2C_Master_Start		CODE           	0C4D	0000	12

I2C.c estimated size: 122

C:\Program Files\Microchip\xc8\v2.40\pic\sources\c90\common\doprnt.c
		_sprintf       		CODE           	0686	0000	220

C:\Program Files\Microchip\xc8\v2.40\pic\sources\c90\common\doprnt.c estimated size: 220

C:/Users/Alejandro Gonzalez/OneDrive - Universidad del Valle de Guatemala/Entregables/Digital 2/ARCHIVOS_LAB4/POST_LAB/I2C_RTC_READ_DATA/LCD.c
		_Lcd_Write_Str 		CODE           	0DCD	0000	70
		_Lcd_Init      		CODE           	0E59	0000	74
		_Lcd_Cmd       		CODE           	0CAB	0000	20
		_Lcd_Set       		CODE           	0D0E	0000	30
		_Lcd_Clear     		CODE           	0C72	0000	13
		_Lcd_Write     		CODE           	0C9B	0000	16

C:/Users/Alejandro Gonzalez/OneDrive - Universidad del Valle de Guatemala/Entregables/Digital 2/ARCHIVOS_LAB4/POST_LAB/I2C_RTC_READ_DATA/LCD.c estimated size: 223

C:\Program Files\Microchip\xc8\v2.40\pic\sources\c90\common\lwmod.c
		___lwmod       		CODE           	0D91	0000	60

C:\Program Files\Microchip\xc8\v2.40\pic\sources\c90\common\lwmod.c estimated size: 60

shared
		__stringtab    		STRING         	0800	0000	16
		_dpowers       		STRING         	0810	0000	10
		__initialization		CODE           	000F	0000	10

shared estimated size: 36

C:\Program Files\Microchip\xc8\v2.40\pic\sources\c90\common\awmod.c
		___awmod       		CODE           	0F43	0000	91

C:\Program Files\Microchip\xc8\v2.40\pic\sources\c90\common\awmod.c estimated size: 91

main.c
		_main          		CODE           	001D	0000	1641
		_Division      		CODE           	0EA3	0000	78
		_Division3     		CODE           	0F9E	0000	98
		_isr           		CODE           	0CF0	0000	30
		_setup         		CODE           	0EF1	0000	82
		_Bcd_to_Dec    		CODE           	0CD4	0000	28
		_Dec_to_Bcd    		CODE           	0D5A	0000	55

main.c estimated size: 2012

C:\Program Files\Microchip\xc8\v2.40\pic\sources\c90\common\lwdiv.c
		___lwdiv       		CODE           	0E13	0000	70

C:\Program Files\Microchip\xc8\v2.40\pic\sources\c90\common\lwdiv.c estimated size: 70

