Microchip MPLAB XC8 Compiler V2.40

Linker command line:

-W-3 \
  --edf=C:\Program Files\Microchip\xc8\v2.40\pic\dat\20220703182018_en.msgs \
  -cn -h+dist/default/production\SPI-Master.X.production.sym \
  --cmf=dist/default/production\SPI-Master.X.production.cmf -z -Q16F887 \
  -oC:\Users\ALEJAN~1\AppData\Local\Temp\xcAsegg.4 --defsym=__MPLAB_BUILD=1 \
  --fixupoverflow=error \
  -Mdist/default/production/SPI-Master.X.production.map \
  --md=C:\Users\ALEJAN~1\AppData\Local\Temp\xcAsegg.dat -E1 \
  -ver=XC8 Compiler --acfsm=1493 -ACODE=00h-07FFhx4 -ASTRCODE=00h-01FFFh \
  -ASTRING=00h-0FFhx32 -ACONST=00h-0FFhx32 -AENTRY=00h-0FFhx32 \
  -ACOMMON=070h-07Fh -ABANK0=020h-06Fh -ABANK1=0A0h-0EFh \
  -ABANK2=0110h-016Fh -ABANK3=0190h-01EFh \
  -ARAM=020h-06Fh,0A0h-0EFh,0110h-016Fh,0190h-01EFh \
  -AABS1=020h-07Fh,0A0h-0EFh,0110h-016Fh,0190h-01EFh -ASFR0=00h-01Fh \
  -ASFR1=080h-09Fh -ASFR2=0100h-010Fh -ASFR3=0180h-018Fh \
  -ACONFIG=02007h-02008h -DCONFIG=2 -AIDLOC=02000h-02003h -DIDLOC=2 \
  -AEEDATA=00h-0FFh/02100h -peeprom_data=EEDATA -DEEDATA=2 -DCODE=2 \
  -DSTRCODE=2 -DSTRING=2 -DCONST=2 -DENTRY=2 \
  -preset_vec=00h,intentry,init,end_init -ppowerup=CODE -pcinit=CODE \
  -pfunctab=ENTRY -k C:\Users\ALEJAN~1\AppData\Local\Temp\xcAsegg.o \
  dist/default/production\SPI-Master.X.production.o 

Object code version is 3.11

Machine type is 16F887



                Name                               Link     Load   Length Selector   Space Scale
C:\Users\ALEJAN~1\AppData\Local\Temp\xcAsegg.o
                end_init                              0        0        3        0       0
                config                             2007     2007        2        0       4
                idloc                              2000     2000        4        0       5
dist/default/production\SPI-Master.X.production.o
                cinit                               7F3      7F3        D      FE6       0
                config                             2007     2007        2        0       4
                idloc                              2000     2000        4        0       5
                text19                              4E6      4E6       69      9CC       0
                text18                              36D      36D       59      6DA       0
                text17                              3C6      3C6       60      78C       0
                text16                              426      426       60      84C       0
                text15                              486      486       60      90C       0
                text14                              1DF      1DF       14      3BE       0
                text13                              1C2      1C2        D      384       0
                text12                              323      323       4A      646       0
                text11                              209      209       1E      412       0
                text10                              1CF      1CF       10      39E       0
                text9                               29D      29D       42      53A       0
                text8                               1F3      1F3       16      3E6       0
                text7                               261      261       3C      4C2       0
                text6                               1AA      1AA        7      354       0
                text5                               1B9      1B9        9      372       0
                text4                               1A4      1A4        6      348       0
                text3                               2DF      2DF       44      5BE       0
                text2                               227      227       3A      44E       0
                text1                               54F      54F       DA      A9E       0
                maintext                            629      629      1CA      C52       0
                cstackBANK0                          47       47        F       20       1
                cstackCOMMON                         70       70        E       70       1
                clrtext                             1B1      1B1        8      362       0
                bssBANK0                             20       20       27       20       1
                strings                               3        3       2B        6       0

TOTAL           Name                               Link     Load   Length     Space
        CLASS   CODE           
                end_init                              0        0        3         0
                cinit                               7F3      7F3        D         0
                text19                              4E6      4E6       69         0
                text18                              36D      36D       59         0
                text17                              3C6      3C6       60         0
                text16                              426      426       60         0
                text15                              486      486       60         0
                text14                              1DF      1DF       14         0
                text13                              1C2      1C2        D         0
                text12                              323      323       4A         0
                text11                              209      209       1E         0
                text10                              1CF      1CF       10         0
                text9                               29D      29D       42         0
                text8                               1F3      1F3       16         0
                text7                               261      261       3C         0
                text6                               1AA      1AA        7         0
                text5                               1B9      1B9        9         0
                text4                               1A4      1A4        6         0
                text3                               2DF      2DF       44         0
                text2                               227      227       3A         0
                text1                               54F      54F       DA         0
                maintext                            629      629      1CA         0
                clrtext                             1B1      1B1        8         0

        CLASS   STRCODE        

        CLASS   STRING         
                strings                               3        3       2B         0

        CLASS   CONST          

        CLASS   ENTRY          

        CLASS   COMMON         
                cstackCOMMON                         70       70        E         1

        CLASS   BANK0          
                cstackBANK0                          47       47        F         1
                bssBANK0                             20       20       27         1

        CLASS   BANK1          

        CLASS   BANK2          

        CLASS   BANK3          

        CLASS   RAM            

        CLASS   ABS1           
                abs_s1                               7E       7E        2         1

        CLASS   SFR0           

        CLASS   SFR1           

        CLASS   SFR2           

        CLASS   SFR3           

        CLASS   CONFIG         
                config                             2007     2007        2         4

        CLASS   IDLOC          
                idloc                              2000     2000        4         5

        CLASS   EEDATA         

        CLASS   STACK          



SEGMENTS        Name                           Load    Length   Top    Selector   Space  Class     Delta

                reset_vec                      000000  000003  000003         0       0  CODE        2
                strings                        000003  00002B  00002E         6       0  STRING      2
                bssBANK0                       000020  000036  000056        20       1  BANK0       1
                cstackCOMMON                   000070  00000E  00007E        70       1  COMMON      1
                text4                          0001A4  000006  0001AA       348       0  CODE        2
                text6                          0001AA  000007  0001B1       354       0  CODE        2
                clrtext                        0001B1  000008  0001B9       362       0  CODE        2
                text5                          0001B9  000009  0001C2       372       0  CODE        2
                text13                         0001C2  00000D  0001CF       384       0  CODE        2
                text10                         0001CF  000010  0001DF       39E       0  CODE        2
                text14                         0001DF  000014  0001F3       3BE       0  CODE        2
                text8                          0001F3  000016  000209       3E6       0  CODE        2
                text11                         000209  00001E  000227       412       0  CODE        2
                text2                          000227  00003A  000261       44E       0  CODE        2
                text7                          000261  00003C  00029D       4C2       0  CODE        2
                text9                          00029D  000042  0002DF       53A       0  CODE        2
                text3                          0002DF  000044  000323       5BE       0  CODE        2
                text12                         000323  00004A  00036D       646       0  CODE        2
                text18                         00036D  000059  0003C6       6DA       0  CODE        2
                text17                         0003C6  000060  000426       78C       0  CODE        2
                text16                         000426  000060  000486       84C       0  CODE        2
                text15                         000486  000060  0004E6       90C       0  CODE        2
                text19                         0004E6  000069  00054F       9CC       0  CODE        2
                text1                          00054F  0000DA  000629       A9E       0  CODE        2
                maintext                       000629  0001CA  0007F3       C52       0  CODE        2
                cinit                          0007F3  00000D  000800       FE6       0  CODE        2


UNUSED ADDRESS RANGES

        Name                Unused          Largest block    Delta
        BANK0            0056-006F             1A           1
        BANK1            00A0-00EF             50           1
        BANK2            0110-016F             60           1
        BANK3            0190-01EF             60           1
        CODE             002E-01A3            176           2
                         0800-1FFF            800
        CONST            002E-01A3             D2           2
                         0800-1FFF            100
        EEDATA           2100-21FF            100           2
        ENTRY            002E-01A3             D2           2
                         0800-1FFF            100
        RAM              0056-006F             1A           1
                         00A0-00EF             50
                         0110-016F             60
                         0190-01EF             60
        SFR0             0000-001F             20           1
        SFR1             0080-009F             20           1
        SFR2             0100-010F             10           1
        SFR3             0180-018F             10           1
        STRCODE          002E-01A3            176           2
                         0800-1FFF           1800
        STRING           002E-01A3             D2           2
                         0800-1FFF            100

                                  Symbol Table

?___awdiv                cstackCOMMON 0077
?___awmod                cstackCOMMON 0070
?___lwdiv                cstackCOMMON 0070
?___lwmod                cstackCOMMON 0078
?_sprintf                cstackBANK0  0047
Division2@y              cstackBANK0  004D
Division3@y              cstackBANK0  004D
Division@y               cstackBANK0  004D
Lcd_Cmd@a                cstackCOMMON 0072
Lcd_Set@a                cstackCOMMON 0074
Lcd_Set@b                cstackCOMMON 0073
Lcd_Write@a              cstackCOMMON 0071
Lcd_Write_Str@a          cstackCOMMON 0072
Lcd_Write_Str@i          cstackCOMMON 0077
_ANSEL                   (abs)        0188
_ANSELH                  (abs)        0189
_Division                text17       03C6
_Division$1077           cstackBANK0  004B
_Division2               text16       0426
_Division2$1078          cstackBANK0  004B
_Division3               text15       0486
_Division3$1079          cstackBANK0  004B
_Lcd_Clear               text13       01C2
_Lcd_Cmd                 text14       01DF
_Lcd_Init                text12       0323
_Lcd_Set                 text11       0209
_Lcd_Write               text10       01CF
_Lcd_Write_Str           text9        029D
_OSCCONbits              (abs)        008F
_PORTB                   (abs)        0006
_PORTCbits               (abs)        0007
_PORTD                   (abs)        0008
_RC6                     (abs)        003E
_RC7                     (abs)        003F
_SSPBUF                  (abs)        0013
_SSPCON                  (abs)        0014
_SSPSTAT                 (abs)        0094
_SSPSTATbits             (abs)        0094
_TRISB                   (abs)        0086
_TRISC2                  (abs)        043A
_TRISC3                  (abs)        043B
_TRISC5                  (abs)        043D
_TRISCbits               (abs)        0087
_TRISD                   (abs)        0088
__Habs1                  abs1         0000
__Hbank0                 bank0        0000
__Hbank1                 bank1        0000
__Hbank2                 bank2        0000
__Hbank3                 bank3        0000
__HbssBANK0              bssBANK0     0000
__Hcinit                 cinit        0800
__Hclrtext               clrtext      0000
__Hcode                  code         0000
__Hcommon                common       0000
__Hconfig                config       2009
__HcstackBANK0           cstackBANK0  0000
__HcstackCOMMON          cstackCOMMON 0000
__Heeprom_data           eeprom_data  0000
__Hend_init              end_init     0003
__Hfunctab               functab      0000
__Hidloc                 idloc        2004
__Hinit                  init         0000
__Hintentry              intentry     0000
__Hmaintext              maintext     0000
__Hpowerup               powerup      0000
__Hram                   ram          0000
__Hreset_vec             reset_vec    0000
__Hsfr0                  sfr0         0000
__Hsfr1                  sfr1         0000
__Hsfr2                  sfr2         0000
__Hsfr3                  sfr3         0000
__Hspace_0               (abs)        0800
__Hspace_1               (abs)        007E
__Hspace_2               (abs)        0000
__Hspace_3               (abs)        0000
__Hspace_4               (abs)        4010
__Hstack                 stack        0000
__Hstrings               strings      0000
__Htext                  text         0000
__Labs1                  abs1         0000
__Lbank0                 bank0        0000
__Lbank1                 bank1        0000
__Lbank2                 bank2        0000
__Lbank3                 bank3        0000
__LbssBANK0              bssBANK0     0000
__Lcinit                 cinit        07F3
__Lclrtext               clrtext      0000
__Lcode                  code         0000
__Lcommon                common       0000
__Lconfig                config       0000
__LcstackBANK0           cstackBANK0  0000
__LcstackCOMMON          cstackCOMMON 0000
__Leeprom_data           eeprom_data  0000
__Lend_init              end_init     0000
__Lfunctab               functab      0000
__Lidloc                 idloc        0000
__Linit                  init         0000
__Lintentry              intentry     0000
__Lmaintext              maintext     0000
__Lpowerup               powerup      0000
__Lram                   ram          0000
__Lreset_vec             reset_vec    0000
__Lsfr0                  sfr0         0000
__Lsfr1                  sfr1         0000
__Lsfr2                  sfr2         0000
__Lsfr3                  sfr3         0000
__Lspace_0               (abs)        0000
__Lspace_1               (abs)        0000
__Lspace_2               (abs)        0000
__Lspace_3               (abs)        0000
__Lspace_4               (abs)        0000
__Lstack                 stack        0000
__Lstrings               strings      0000
__Ltext                  text         0000
__S0                     (abs)        0800
__S1                     (abs)        007E
__S3                     (abs)        0000
___awdiv                 text19       04E6
___awdiv@counter         cstackBANK0  0047
___awdiv@dividend        cstackCOMMON 0079
___awdiv@divisor         cstackCOMMON 0077
___awdiv@quotient        cstackBANK0  0049
___awdiv@sign            cstackBANK0  0048
___awmod                 text18       036D
___awmod@counter         cstackCOMMON 0075
___awmod@dividend        cstackCOMMON 0072
___awmod@divisor         cstackCOMMON 0070
___awmod@sign            cstackCOMMON 0076
___int_sp                stack        0000
___latbits               (abs)        0002
___lwdiv                 text3        02DF
___lwdiv@counter         cstackCOMMON 0077
___lwdiv@dividend        cstackCOMMON 0072
___lwdiv@divisor         cstackCOMMON 0070
___lwdiv@quotient        cstackCOMMON 0075
___lwmod                 text2        0227
___lwmod@counter         cstackCOMMON 007D
___lwmod@dividend        cstackCOMMON 007A
___lwmod@divisor         cstackCOMMON 0078
___sp                    stack        0000
___stackhi               (abs)        0000
___stacklo               (abs)        0000
__end_of_Division        text17       0426
__end_of_Division2       text16       0486
__end_of_Division3       text15       04E6
__end_of_Lcd_Clear       text13       01CF
__end_of_Lcd_Cmd         text14       01F3
__end_of_Lcd_Init        text12       036D
__end_of_Lcd_Set         text11       0227
__end_of_Lcd_Write       text10       01DF
__end_of_Lcd_Write_Str   text9        02DF
__end_of___awdiv         text19       054F
__end_of___awmod         text18       03C6
__end_of___lwdiv         text3        0323
__end_of___lwmod         text2        0261
__end_of__initialization cinit        07FC
__end_of__stringtab      strings      0013
__end_of_dpowers         strings      001D
__end_of_main            maintext     07F3
__end_of_setup           text7        029D
__end_of_spiInit         text8        0209
__end_of_spiRead         text5        01C2
__end_of_spiReceiveWait  text6        01B1
__end_of_spiWrite        text4        01AA
__end_of_sprintf         text1        0629
__initialization         cinit        07F3
__pbssBANK0              bssBANK0     0020
__pcstackBANK0           cstackBANK0  0047
__pcstackCOMMON          cstackCOMMON 0070
__pmaintext              maintext     0629
__pstrings               strings      0003
__ptext1                 text1        054F
__ptext10                text10       01CF
__ptext11                text11       0209
__ptext12                text12       0323
__ptext13                text13       01C2
__ptext14                text14       01DF
__ptext15                text15       0486
__ptext16                text16       0426
__ptext17                text17       03C6
__ptext18                text18       036D
__ptext19                text19       04E6
__ptext2                 text2        0227
__ptext3                 text3        02DF
__ptext4                 text4        01A4
__ptext5                 text5        01B9
__ptext6                 text6        01AA
__ptext7                 text7        0261
__ptext8                 text8        01F3
__ptext9                 text9        029D
__stringbase             strings      0012
__stringtab              strings      0003
_buffer                  bssBANK0     0042
_buffer2                 bssBANK0     003D
_buffer3                 bssBANK0     0038
_cen                     bssBANK0     0036
_cen2                    bssBANK0     0033
_cen3                    bssBANK0     0030
_contadore1              bssBANK0     002D
_contadore2              bssBANK0     002C
_dec                     bssBANK0     0035
_dec2                    bssBANK0     0032
_dec3                    bssBANK0     002F
_dpowers                 strings      0013
_main                    maintext     0629
_setup                   text7        0261
_spiInit                 text8        01F3
_spiRead                 text5        01B9
_spiReceiveWait          text6        01AA
_spiWrite                text4        01A4
_sprintf                 text1        054F
_temp                    bssBANK0     002B
_uni                     bssBANK0     0034
_uni2                    bssBANK0     0031
_uni3                    bssBANK0     002E
btemp                    (abs)        007E
clear_ram0               clrtext      01B1
end_of_initialization    cinit        07FC
intlevel0                functab      0000
intlevel1                functab      0000
intlevel2                functab      0000
intlevel3                functab      0000
intlevel4                functab      0000
intlevel5                functab      0000
reset_vec                reset_vec    0000
spiInit@sClockIdle       cstackCOMMON 0071
spiInit@sDataSample      cstackCOMMON 0070
spiInit@sTransmitEdge    cstackCOMMON 0072
spiInit@sType            cstackCOMMON 0073
spiWrite@dat             cstackCOMMON 0070
sprintf@ap               cstackBANK0  004D
sprintf@c                cstackBANK0  0053
sprintf@f                cstackBANK0  0047
sprintf@flag             cstackBANK0  004E
sprintf@prec             cstackBANK0  004F
sprintf@sp               cstackBANK0  0052
sprintf@val              cstackBANK0  0050
start                    init         0000
start_initialization     cinit        07F3
wtemp0                   (abs)        007E


MODULE INFORMATION

Module		Function		Class		Link	Load	Size
C:\Program Files\Microchip\xc8\v2.40\pic\sources\c90\common\awdiv.c
		___awdiv       		CODE           	04E6	0000	105

C:\Program Files\Microchip\xc8\v2.40\pic\sources\c90\common\awdiv.c estimated size: 105

C:/Users/Alejandro Gonzalez/OneDrive/Escritorio/SPI/SPI-Master.X/LCD.c
		_Lcd_Write_Str 		CODE           	029D	0000	66
		_Lcd_Init      		CODE           	0323	0000	74
		_Lcd_Cmd       		CODE           	01DF	0000	20
		_Lcd_Set       		CODE           	0209	0000	30
		_Lcd_Clear     		CODE           	01C2	0000	13
		_Lcd_Write     		CODE           	01CF	0000	16

C:/Users/Alejandro Gonzalez/OneDrive/Escritorio/SPI/SPI-Master.X/LCD.c estimated size: 219

C:\Program Files\Microchip\xc8\v2.40\pic\sources\c90\common\doprnt.c
		_sprintf       		CODE           	054F	0000	218

C:\Program Files\Microchip\xc8\v2.40\pic\sources\c90\common\doprnt.c estimated size: 218

C:\Program Files\Microchip\xc8\v2.40\pic\sources\c90\common\lwmod.c
		___lwmod       		CODE           	0227	0000	58

C:\Program Files\Microchip\xc8\v2.40\pic\sources\c90\common\lwmod.c estimated size: 58

shared
		__stringtab    		STRING         	0003	0000	16
		_dpowers       		STRING         	0013	0000	10
		__initialization		CODE           	07F3	0000	9

shared estimated size: 35

SPI.c
		_spiWrite      		CODE           	01A4	0000	6
		_spiInit       		CODE           	01F3	0000	22
		_spiReceiveWait		CODE           	01AA	0000	7
		_spiRead       		CODE           	01B9	0000	9

SPI.c estimated size: 44

C:\Program Files\Microchip\xc8\v2.40\pic\sources\c90\common\awmod.c
		___awmod       		CODE           	036D	0000	89

C:\Program Files\Microchip\xc8\v2.40\pic\sources\c90\common\awmod.c estimated size: 89

main.c
		_main          		CODE           	0629	0000	458
		_Division      		CODE           	03C6	0000	96
		_Division2     		CODE           	0426	0000	96
		_Division3     		CODE           	0486	0000	96
		_setup         		CODE           	0261	0000	60

main.c estimated size: 806

C:\Program Files\Microchip\xc8\v2.40\pic\sources\c90\common\lwdiv.c
		___lwdiv       		CODE           	02DF	0000	68

C:\Program Files\Microchip\xc8\v2.40\pic\sources\c90\common\lwdiv.c estimated size: 68

